// Jest Snapshot v1, https://goo.gl/fbAQLP

exports[`<Map.web /> default snapshot 1`] = `null`;
