// Jest Snapshot v1, https://goo.gl/fbAQLP

exports[`<NoMatch /> default snapshot 1`] = `null`;
