// Jest Snapshot v1, https://goo.gl/fbAQLP

exports[`<NavigationProvider /> default snapshot 1`] = `
<View
  style={
    Object {
      "backgroundColor": undefined,
      "flex": 1,
      "overflow": "hidden",
    }
  }
/>
`;
