// Jest Snapshot v1, https://goo.gl/fbAQLP

exports[`<Maps /> default snapshot 1`] = `
<View
  style={
    Object {
      "alignItems": "center",
      "flex": 1,
      "justifyContent": "center",
    }
  }
>
  <Text
    style={
      Array [
        Object {
          "color": "white",
          "fontFamily": "fontFamily",
        },
        undefined,
      ]
    }
  >
    Maps
  </Text>
</View>
`;
