// Jest Snapshot v1, https://goo.gl/fbAQLP

exports[`<Charts /> default snapshot 1`] = `
<RNCSafeAreaView
  edges={
    Array [
      "bottom",
      "left",
      "right",
      "top",
    ]
  }
  style={
    Object {
      "alignItems": "center",
      "flex": 1,
      "justifyContent": "center",
    }
  }
>
  <Text
    style={
      Array [
        Object {
          "color": "white",
          "fontFamily": "fontFamily",
        },
        undefined,
      ]
    }
  >
    Charts
  </Text>
</RNCSafeAreaView>
`;
